08:49:35 === SUBMIT START ===
08:49:35 POST keys: _token, first_name, middle_name, last_name, personal_email, phone, alternate_phone, date_of_birth, gender, marital_status, nationality, second_nationality, company_id, address_line_1, address_line_2, city, state, country, postal_code, id_number, passport_number, emergency_contacts, passport_doc, id_doc, documents
08:49:35 FILES keys: profile_photo, passport_file, id_file, documents
08:49:35 FILES[profile_photo][error]: 4 name: ""
08:49:35 FILES[passport_file][error]: 0 name: "Puissances vari\u00e9es (A).pdf"
08:49:35 FILES[id_file][error]: 0 name: "Puissances vari\u00e9es (A).pdf"
08:49:35 FILES[documents][error]: [4] name: [""]
08:49:35 PASS: csrf ok
08:49:35 fields: fn=Fadi ln=Chehade email=fshehadeh@gmail.com dob=2026-04-29 gender=male nationality=Bangladesh co=3
08:49:35 address: city=Beirut country=Lebanon addr1=Salim Salam
08:49:35 docs fields: id_number=set passport_number=set
08:49:35 PASS: field validation ok
08:49:35 profile_photo error=4
08:49:35 passport_file: error=0 name="Puissances vari\u00e9es (A).pdf"
08:49:35 PASS: passport file validated
08:49:35 passport_doc post: ["document_type_id","title","document_number","issue_date","expiry_date"] docnum=234 issue=2026-04-30 expiry=2026-06-02
08:49:35 PASS: passport post data ok
08:49:35 id_file: error=0 name="Puissances vari\u00e9es (A).pdf"
08:49:35 PASS: id file validated
08:49:35 id_doc post: docnum=234 issue=2026-04-29 expiry=2026-05-14
08:49:35 PASS: id post data ok
08:49:35 raw documents FILES: {"name":[0],"type":[0],"tmp_name":[0],"error":[0],"size":[0]}
08:49:35 normalized doc count: 1
08:49:35 extra doc[0] error=4
08:49:35 contacts count: 1
08:49:35 calling createSubmission...
08:49:35 PASS: createSubmission ok, id=1
08:49:35 storing passport file...
08:49:35 PASS: passport stored at storage/uploads/intake/1/20260505084935_680d8ece077b231c.pdf
08:49:35 storing id file...
08:49:35 PASS: id stored at storage/uploads/intake/1/20260505084935_2f5ac1dee26d4f12.pdf
08:49:35 inserting 2 doc rows...
08:49:35 PASS: all doc rows inserted
08:49:35 === SUBMIT SUCCESS, redirecting to success page ===
